// Jest Snapshot v1, https://goo.gl/fbAQLP

exports[`ProductTitle debe de mostrar el component con el nombre del product 1`] = `
<div
  className="productCard undefined"
>
  <span
    className="productDescription undefined"
  >
    Coffe Mug - Sin imagen
  </span>
</div>
`;

exports[`ProductTitle debe mostrar el componente correctamente con el titulo personalizdos 1`] = `
<span
  className="productDescription custom-class"
>
  Custom Product
</span>
`;
